OSM classes: {'other_building': 133338, 'home': 82940, 'workplace': 40935, 'public': 16599, 'farm': 11900} | lines: {'local_road': 223141, 'major_road': 91010, 'track': 55273, 'rail': 9857, 'power_line': 6760}
2016 MBs with boundary and counts: 109871
2021 MBs with boundary and counts: 112735
agrn 1052: 11 councils, 2s
agrn 1053: 2 councils, 2s
agrn 1054: 3 councils, 2s
agrn 1055: 5 councils, 3s
agrn 1056: 2 councils, 3s
agrn 1065: 1 councils, 4s
agrn 1066: 2 councils, 4s
agrn 1070: 1 councils, 4s
agrn 1071: 4 councils, 5s
agrn 1075: 4 councils, 6s
agrn 1076: 3 councils, 7s
agrn 1081: 1 councils, 8s
agrn 1083: 1 councils, 8s
agrn 1084: 1 councils, 8s
agrn 1089: 1 councils, 9s
agrn 1090: 3 councils, 9s
agrn 1091: 2 councils, 9s
agrn 1092: 1 councils, 10s
agrn 1093: 1 councils, 10s
agrn 1099: 1 councils, 10s
agrn 1112: 1 councils, 10s
agrn 1114: 2 councils, 10s
agrn 1121: 1 councils, 11s
agrn 1131: 1 councils, 11s
agrn 1132: 1 councils, 11s
agrn 1133: 1 councils, 12s
agrn 1134: 1 councils, 12s
agrn 1135: 1 councils, 12s
agrn 1136: 1 councils, 12s
agrn 1137: 1 councils, 12s
agrn 1138: 1 councils, 12s
agrn 1139: 1 councils, 13s
agrn 1140: 1 councils, 13s
agrn 1156: 1 councils, 13s
agrn 1189: 2 councils, 13s
agrn 1190: 1 councils, 13s
agrn 1191: 1 councils, 13s
agrn 1192: 2 councils, 14s
agrn 1193: 2 councils, 14s
agrn 1196: 1 councils, 14s
agrn 1197: 1 councils, 15s
agrn 1199: 2 councils, 15s
agrn 1203: 2 councils, 15s
agrn 770: 1 councils, 15s
agrn 771: 1 councils, 16s
agrn 772: 2 councils, 16s
agrn 776: 1 councils, 16s
agrn 792: 1 councils, 16s
agrn 818: 1 councils, 16s
agrn 819: 2 councils, 17s
agrn 820: 2 councils, 17s
agrn 823: 2 councils, 17s
agrn 824: 2 councils, 18s
agrn 841: 1 councils, 18s
agrn 842: 2 councils, 18s
agrn 843: 3 councils, 19s
agrn 847: 1 councils, 19s
agrn 851: 1 councils, 19s
agrn 853: 2 councils, 19s
agrn 855: 1 councils, 19s
agrn 860: 1 councils, 20s
agrn 862: 2 councils, 20s
agrn 864: 1 councils, 20s
agrn 866: 1 councils, 20s
agrn 867: 2 councils, 20s
agrn 871: 50 councils, 39s
agrn 880: 7 councils, 40s
agrn NSW1718-05: 4 councils, 41s
agrn NSW1718-06: 2 councils, 41s
agrn NSW1718-08: 1 councils, 42s
agrn NSW1718-09: 3 councils, 42s
agrn NSW1718-10: 1 councils, 42s
agrn NSW1718-11: 3 councils, 42s
agrn NSW1718-12: 2 councils, 43s
agrn NSW1718-13: 1 councils, 43s
agrn NSW1718-14: 1 councils, 43s
agrn NSW1718-15: 1 councils, 43s
agrn NSW1718-16: 2 councils, 43s
agrn NSW1718-17: 2 councils, 44s
agrn NSW1718-18: 1 councils, 44s
agrn NSW1718-19: 2 councils, 44s
agrn NSW1718-20: 1 councils, 44s
agrn NSW1718-21: 2 councils, 44s
agrn RAA-raa_2015_p15_r01: 1 councils, 45s
agrn RAA-raa_2015_p15_r05: 1 councils, 45s
agrn RAA-raa_2015_p15_r09: 1 councils, 45s
agrn RAA-raa_2015_p15_r11: 1 councils, 45s
agrn RAA-raa_2016_p13_r06: 1 councils, 45s
agrn RAA-raa_2016_p13_r07: 1 councils, 45s
agrn RAA-raa_2016_p13_r08: 4 councils, 46s
agrn RAA-raa_2016_p13_r12: 1 councils, 46s
agrn RAA-raa_2016_p13_r16: 1 councils, 46s
agrn RAA-raa_2016_p13_r17: 1 councils, 46s
agrn RAA-raa_2016_p13_r22: 1 councils, 46s
agrn RAA-raa_2016_p13_r23: 5 councils, 47s
agrn RAA-raa_2016_p13_r26: 1 councils, 47s
                             count     mean      std     min      25%      50%      75%       max
season                       218.0   2019.7      2.6  2014.0   2017.2   2019.0   2022.0    2024.0
census_year                  218.0   2017.8      2.4  2016.0   2016.0   2016.0   2021.0    2021.0
n_fires                      218.0     85.4    128.1     1.0      5.0     14.0     59.0     318.0
burned_km2                   218.0    281.5    715.6     0.0      6.0     25.0    127.0    5258.7
council_km2                  218.0   6297.2   4948.9    85.4   3221.7   4987.5   9184.5   45575.4
residents_in                 218.0    163.2    472.9     0.0      1.2     11.7     90.1    3687.9
homes_in                     218.0     81.6    252.5     0.0      0.7      6.5     43.0    2435.4
farm_homes_in                218.0     22.8     70.9     0.0      0.0      1.9     11.8     599.8
workplace_mb_in              218.0      0.0      0.2     0.0      0.0      0.0      0.0       2.8
commercial_mb_in             218.0      0.0      0.1     0.0      0.0      0.0      0.0       1.5
industrial_mb_in             218.0      0.0      0.1     0.0      0.0      0.0      0.0       1.3
public_mb_in                 218.0      0.0      0.2     0.0      0.0      0.0      0.0       1.3
education_mb_in              218.0      0.0      0.2     0.0      0.0      0.0      0.0       1.3
health_mb_in                 218.0      0.0      0.0     0.0      0.0      0.0      0.0       0.3
farm_km2_in                  218.0     47.8    134.5     0.0      0.2      4.2     26.6    1232.4
osm_home_in                  218.0      1.7     10.1     0.0      0.0      0.0      0.0     106.0
osm_workplace_in             218.0      0.5      1.8     0.0      0.0      0.0      0.0      13.0
osm_public_in                218.0      0.3      1.6     0.0      0.0      0.0      0.0      14.0
osm_farm_in                  218.0      0.2      0.9     0.0      0.0      0.0      0.0       7.0
osm_other_building_in        218.0      4.8     17.8     0.0      0.0      0.0      0.0     183.0
osm_public_school_in         218.0      0.1      0.9     0.0      0.0      0.0      0.0       9.0
osm_public_health_in         218.0      0.0      0.1     0.0      0.0      0.0      0.0       1.0
osm_public_emergency_in      218.0      0.1      0.4     0.0      0.0      0.0      0.0       4.0
osm_public_hall_library_in   218.0      0.0      0.2     0.0      0.0      0.0      0.0       2.0
osm_public_worship_in        218.0      0.0      0.2     0.0      0.0      0.0      0.0       2.0
major_road_km_in             218.0     14.9     43.1     0.0      0.0      0.2      7.0     392.0
local_road_km_in             218.0     30.8    107.1     0.0      0.0      1.4      9.3     915.2
track_km_in                  218.0     72.5    218.7     0.0      0.0      3.2     21.6    1787.4
rail_km_in                   218.0      0.8      4.6     0.0      0.0      0.0      0.0      56.9
power_line_km_in             218.0      7.6     31.9     0.0      0.0      0.0      2.1     367.6
bridges_in                   218.0      2.0      6.9     0.0      0.0      0.0      0.0      55.0
residents_1km                218.0   1439.2   3655.5     0.0     13.7     70.8    911.3   25139.9
homes_1km                    218.0    665.0   1693.9     0.0      7.4     41.6    431.8   12205.3
farm_homes_1km               218.0     58.8    132.5     0.0      2.5     12.3     53.2     939.8
workplace_mb_1km             218.0      1.2      3.9     0.0      0.0      0.0      0.0      28.0
commercial_mb_1km            218.0      0.8      3.1     0.0      0.0      0.0      0.0      27.0
industrial_mb_1km            218.0      0.3      1.3     0.0      0.0      0.0      0.0      11.0
public_mb_1km                218.0      0.6      1.7     0.0      0.0      0.0      0.0      11.9
education_mb_1km             218.0      0.6      1.5     0.0      0.0      0.0      0.0      11.9
health_mb_1km                218.0      0.1      0.3     0.0      0.0      0.0      0.0       2.1
farm_km2_1km                 218.0     92.1    198.1     0.0      5.3     22.6     82.0    1748.8
osm_home_1km                 218.0     19.2    137.3     0.0      0.0      0.0      0.0    1738.0
osm_workplace_1km            218.0      6.8     22.1     0.0      0.0      0.0      4.0     240.0
osm_public_1km               218.0      2.8      7.4     0.0      0.0      0.0      2.0      55.0
osm_farm_1km                 218.0      1.5     10.9     0.0      0.0      0.0      0.0     134.0
osm_other_building_1km       218.0     22.2     65.9     0.0      0.0      0.0     10.0     496.0
osm_public_school_1km        218.0      1.3      3.9     0.0      0.0      0.0      1.0      33.0
osm_public_health_1km        218.0      0.2      0.7     0.0      0.0      0.0      0.0       8.0
osm_public_emergency_1km     218.0      0.5      1.2     0.0      0.0      0.0      0.0       8.0
osm_public_hall_library_1km  218.0      0.3      0.9     0.0      0.0      0.0      0.0       8.0
osm_public_worship_1km       218.0      0.4      1.5     0.0      0.0      0.0      0.0      12.0
major_road_km_1km            218.0     33.6     68.7     0.0      2.2      9.2     33.4     501.6
local_road_km_1km            218.0     64.7    154.0     0.0      3.7     14.5     53.2    1119.2
track_km_1km                 218.0     95.0    244.7     0.0      1.7     14.5     50.3    1965.2
rail_km_1km                  218.0      2.7      9.8     0.0      0.0      0.0      0.6     109.0
power_line_km_1km            218.0     14.1     40.2     0.0      0.0      0.0     12.1     425.8
bridges_1km                  218.0      6.0     13.1     0.0      0.0      1.0      5.0      82.0
residents_council            218.0  40584.0  47222.8  1358.0  12700.2  23260.0  55604.0  327730.4
homes_council                218.0  18188.5  19791.4   764.0   6003.0  10319.0  24695.7  144382.8
farm_homes_council           218.0   2089.1   1206.0     0.0   1330.0   1947.0   2614.7    5874.0
workplace_mb_council         218.0     37.9     38.4     0.0     12.0     27.0     57.0     269.0
commercial_mb_council        218.0     27.1     28.2     0.0      8.0     21.0     36.0     207.0
industrial_mb_council        218.0     10.7     13.2     0.0      2.0      8.0     14.0      86.0
public_mb_council            218.0     22.0     19.0     2.0     11.0     15.0     27.0     119.0
education_mb_council         218.0     18.9     16.9     2.0      9.0     12.0     25.0      93.0
health_mb_council            218.0      3.1      3.0     0.0      1.0      2.0      4.0      26.0
farm_km2_council             218.0   4133.6   4596.0     0.0   1108.8   3228.6   6275.9   41947.6
