2016 MBs with boundary and counts: 109871
2021 MBs with boundary and counts: 112735
2014
2015
2016
2017
2018
2019
2020
2021
2022
2023
2024
                              0            1        2            3        4            5        6            7        8            9        10           11       12           13       14           15       16           17       18           19       20           21
fy                       2014-15      2014-15  2015-16      2015-16  2016-17      2016-17  2017-18      2017-18  2018-19      2018-19  2019-20      2019-20  2020-21      2020-21  2021-22      2021-22  2022-23      2022-23  2023-24      2023-24  2024-25      2024-25
zone                      inside  within 1 km   inside  within 1 km   inside  within 1 km   inside  within 1 km   inside  within 1 km   inside  within 1 km   inside  within 1 km   inside  within 1 km   inside  within 1 km   inside  within 1 km   inside  within 1 km
fires                         61           61      193          193      260          260      460          460      286          286      425          425      450          450      400          400      925          925     1824         1824      867          867
census                      2016         2016     2016         2016     2016         2016     2016         2016     2016         2016     2016         2016     2021         2021     2021         2021     2021         2021     2021         2021     2021         2021
zone_km2                    19.7        304.4    459.8       1750.4   1663.8       4029.3   2206.7       6047.7   1987.0       4884.5  54241.1      68873.1    366.1       2817.1    582.0       2780.2   1471.3       7321.9   5921.3      18286.6    975.4       6027.4
residents                    8.6       9472.9    123.5      26389.3   1070.0      58532.4   1949.0     111408.7   1301.2      37325.8  28717.6     178746.3    241.9     108681.8    255.2     128544.5    726.7     147397.5   4214.3     576191.7   1283.2     199104.9
homes                        4.0       3738.9     46.8      10762.7    508.4      25867.9    800.2      43074.7    573.9      16690.7  14675.7      87635.8    109.6      41271.7    103.0      48638.8    345.1      58780.4   1839.2     223827.4    507.4      78539.7
farm_homes                   0.3         39.9     17.4        173.9    103.8        698.5    136.3       1050.9    219.9        885.4   3836.5       8150.0     58.9       1493.7     48.3       1896.2    229.2       3136.6    676.4       7391.3     84.2       2480.0
workplace_mb                 0.0          3.4      0.2          3.6      0.7         59.7      0.9         34.8      0.1         10.5      4.2         98.8      0.4         75.2      0.0         40.3      0.1         70.7      2.2        313.2      0.5        155.3
commercial_mb                0.0          3.4      0.2          3.2      0.0         49.5      0.6         20.3      0.0          8.6      1.8         74.0      0.4         50.8      0.0         18.7      0.1         44.5      1.2        183.2      0.3        103.9
industrial_mb                0.0          0.0      0.0          0.3      0.7         10.2      0.3         14.5      0.1          1.9      2.4         24.8      0.0         24.4      0.0         21.6      0.1         26.2      1.1        130.0      0.2         51.4
public_mb                    0.0          1.5      0.0          7.7      0.0         27.1      0.1         28.8      0.0         25.7      7.2         80.2      0.0         35.7      0.0         46.5      0.0         77.7      0.4        203.6      0.0         85.2
education_mb                 0.0          1.5      0.0          7.7      0.0         24.1      0.0         25.9      0.0         21.7      7.1         73.1      0.0         33.7      0.0         40.3      0.0         67.9      0.1        179.4      0.0         77.3
health_mb                    0.0          0.0      0.0          0.0      0.0          3.0      0.1          2.9      0.0          3.9      0.1          7.1      0.0          2.0      0.0          6.2      0.0          9.8      0.3         24.2      0.0          7.8
farm_km2                     3.4         68.6     37.1        254.8    731.2       1196.5    313.3       1140.5    362.3       1118.5   7349.5      12531.5    276.0       1960.2    418.8       1860.7   1194.0       5658.0   2502.0       9600.5    566.9       3650.8
osm_home                       0          489        0           16        0          295      106         1161        1          177      264         3467        0          251        0          483        0          229        0         1553        1         1021
osm_workplace                  0           49        0           94        5          128        4          324        1          190       97         1068        0          425        0          187        1          410        2         1370        0          469
osm_public                     0           20        0           31        0           77        1          152        0           82       76          438        0          149        1          114        0          200        2          747        1          349
osm_farm                       0            0        1            9        0            1        7          145        1            9       33          188        0           33        0           20        0           67        2          275        0          107
osm_other_building             0           30        3          646       83         1115      218         1665       10          365      713         2981        8          693        1          974       31          988       38         4212        3         1849
osm_public_school              0            9        0           18        0           46        0           93        0           45       31          186        0           89        0           69        0          111        0          429        0          234
osm_public_health              0            3        0            1        0            2        1            6        0            4        1           29        0           28        0            4        0           14        0           49        0           12
osm_public_emergency           0            2        0            6        0           13        0           21        0            9       20           76        0           11        0           14        0           20        0           78        0           30
osm_public_hall_library        0            1        0            0        0            6        0           13        0            6        7           51        0            5        1            6        0           13        2           64        0           24
osm_public_worship             0            4        0            4        0            7        0           15        0           16        9           79        0           12        0           16        0           38        0          101        0           34
major_road_km                0.1         27.2     19.6        242.0    146.1        608.9    120.9        707.5    111.0        499.7   2773.2       5220.1     16.8        652.7      3.8        700.0    102.0       1402.1    305.0       3351.3     33.2       1153.0
local_road_km                2.3         72.9     34.1        352.7    237.9       1080.3    174.1       1292.8    167.1        772.9   5971.3      10453.4     32.2       1106.4     13.5       1191.0     51.6       2145.0    591.8       6147.4     22.9       1989.2
track_km                    10.7         88.6    115.3        597.9    530.6       1445.9    561.8       1788.7    373.4       1030.5  14670.6      17687.3     39.2        429.0     56.0        428.1     42.6        713.7    805.6       2910.9     56.5        949.0
rail_km                      0.0          9.8      0.4         15.4     17.8         53.3      5.2         73.4      0.0         42.4    135.2        341.5      3.1        114.7      0.0        104.1      8.3        231.6     34.0        497.9      1.9        144.9
power_line_km                9.6         33.7     13.2        150.8     48.8        283.9     67.3        366.2    101.5        317.9   1405.4       2013.8     13.5        249.7     16.4        295.9     44.4        586.9    143.4       1287.4     30.4        528.2
bridges                        0            4        1           43       36          129        5          135       10           90      391          898        2          194        1          199        7          270       34          732        5          239
