           subset    score         variant  n_with_DL               rho_ci               change
         all rows risk_add  DL_v0_original         90 +0.43 [+0.22, +0.61]                     
         all rows risk_add  DL_v1_reported         93 +0.42 [+0.20, +0.59] -0.02 [-0.06, +0.00]
         all rows risk_add  DL_v2_inferred        135 +0.42 [+0.25, +0.54] -0.02 [-0.14, +0.12]
         all rows risk_add DL_v3_estimated        208 +0.27 [+0.12, +0.39] -0.16 [-0.30, -0.01]
         all rows        H  DL_v0_original         90 +0.37 [+0.14, +0.58]                     
         all rows        H  DL_v1_reported         93 +0.34 [+0.11, +0.54] -0.03 [-0.09, +0.00]
         all rows        H  DL_v2_inferred        135 +0.39 [+0.20, +0.55] +0.02 [-0.12, +0.15]
         all rows        H DL_v3_estimated        208 +0.27 [+0.11, +0.41] -0.10 [-0.26, +0.05]
         all rows        E  DL_v0_original         90 +0.41 [+0.15, +0.61]                     
         all rows        E  DL_v1_reported         93 +0.40 [+0.15, +0.59] -0.01 [-0.05, +0.01]
         all rows        E  DL_v2_inferred        135 +0.42 [+0.24, +0.55] +0.01 [-0.13, +0.16]
         all rows        E DL_v3_estimated        208 +0.23 [+0.06, +0.37] -0.18 [-0.35, +0.00]
         all rows        V  DL_v0_original         90 +0.38 [+0.16, +0.56]                     
         all rows        V  DL_v1_reported         93 +0.37 [+0.15, +0.55] -0.02 [-0.05, +0.01]
         all rows        V  DL_v2_inferred        135 +0.29 [+0.11, +0.43] -0.09 [-0.20, +0.03]
         all rows        V DL_v3_estimated        208 +0.25 [+0.11, +0.35] -0.14 [-0.26, +0.01]
fires >=5% burned risk_add  DL_v0_original         37 +0.43 [+0.10, +0.68]                     
fires >=5% burned risk_add  DL_v1_reported         37 +0.43 [+0.10, +0.68] +0.00 [+0.00, +0.00]
fires >=5% burned risk_add  DL_v2_inferred         37 +0.43 [+0.10, +0.68] +0.00 [+0.00, +0.00]
fires >=5% burned risk_add DL_v3_estimated         38 +0.39 [+0.07, +0.65] -0.04 [-0.13, +0.00]
fires >=5% burned        H  DL_v0_original         37 +0.17 [-0.17, +0.48]                     
fires >=5% burned        H  DL_v1_reported         37 +0.17 [-0.17, +0.48] +0.00 [+0.00, +0.00]
fires >=5% burned        H  DL_v2_inferred         37 +0.17 [-0.17, +0.48] +0.00 [+0.00, +0.00]
fires >=5% burned        H DL_v3_estimated         38 +0.15 [-0.18, +0.44] -0.02 [-0.08, +0.00]
fires >=5% burned        E  DL_v0_original         37 +0.35 [-0.07, +0.67]                     
fires >=5% burned        E  DL_v1_reported         37 +0.35 [-0.07, +0.67] +0.00 [+0.00, +0.00]
fires >=5% burned        E  DL_v2_inferred         37 +0.35 [-0.07, +0.67] +0.00 [+0.00, +0.00]
fires >=5% burned        E DL_v3_estimated         38 +0.33 [-0.09, +0.65] -0.02 [-0.08, +0.00]
fires >=5% burned        V  DL_v0_original         37 +0.39 [+0.11, +0.61]                     
fires >=5% burned        V  DL_v1_reported         37 +0.39 [+0.11, +0.61] +0.00 [+0.00, +0.00]
fires >=5% burned        V  DL_v2_inferred         37 +0.39 [+0.11, +0.61] +0.00 [+0.00, +0.00]
fires >=5% burned        V DL_v3_estimated         38 +0.36 [+0.08, +0.58] -0.03 [-0.10, +0.00]
